// Jest Snapshot v1, https://goo.gl/fbAQLP

exports[`assignment generator should create "libs/assignments/do-a-backflip/frontend/src/index.ts" with the correct contents 1`] = `
"export * from './lib/do-a-backflip-assignment-for-frontend';
"
`;

exports[`assignment generator should create "libs/assignments/do-a-backflip/shared/src/index.ts" with the correct contents 1`] = `
"export * from './lib/do-a-backflip-assignment';
"
`;
